
> gate-qa@1.0.0 test:unit
> vitest run


[1m[46m RUN [49m[22m [36mv3.2.4 [39m[90mC:/Users/himanshu/Desktop/GATE_QA[39m

node.exe : 
[90mstderr[2m | 
src/App.test.jsx[2m > 
[22m[2mApp routes[2m > 
[22m[2mloads only the 
manifest on the Home route
At line:1 char:1
+ & "C:\Program 
Files\nodejs/node.exe" 
"C:\Program 
Files\nodejs/node_mo ...
+ ~~~~~~~~~~~~~~~~~~~~~~~~
~~~~~~~~~~~~~~~~~~~~~~~~~~
~~~~~~~~~~~~~~~~~~~
    + CategoryInfo        
      : NotSpecified: (  
  [90mstderr[2m... the   
  Home route:String) [    
], RemoteException
    + FullyQualifiedError 
   Id : NativeCommandErr  
  or
 
[22m[39mΓÜá∩╕Å React 
Router Future Flag 
Warning: React Router 
will begin wrapping state 
updates in 
`React.startTransition` 
in v7. You can use the 
`v7_startTransition` 
future flag to opt-in 
early. For more 
information, see https://r
eactrouter.com/v6/upgradin
g/future#v7_starttransitio
n.
ΓÜá∩╕Å React Router 
Future Flag Warning: 
Relative route resolution 
within Splat routes is 
changing in v7. You can 
use the 
`v7_relativeSplatPath` 
future flag to opt-in 
early. For more 
information, see https://r
eactrouter.com/v6/upgradin
g/future#v7_relativesplatp
ath.

[90mstderr[2m | src/cont
exts/FilterContext.test.js
x[2m > [22m[2mFilterCon
text[2m > 
[22m[2mremoves orphaned 
subtopics when parent 
subject is unselected
[22m[39mΓÜá∩╕Å React 
Router Future Flag 
Warning: React Router 
will begin wrapping state 
updates in 
`React.startTransition` 
in v7. You can use the 
`v7_startTransition` 
future flag to opt-in 
early. For more 
information, see https://r
eactrouter.com/v6/upgradin
g/future#v7_starttransitio
n.
ΓÜá∩╕Å React Router 
Future Flag Warning: 
Relative route resolution 
within Splat routes is 
changing in v7. You can 
use the 
`v7_relativeSplatPath` 
future flag to opt-in 
early. For more 
information, see https://r
eactrouter.com/v6/upgradin
g/future#v7_relativesplatp
ath.

[90mstderr[2m | 
src/App.test.jsx[2m > 
[22m[2mApp routes[2m > 
[22m[2minitializes 
questions on the Explore 
route
[22m[39mWarning: An 
update to AppRuntime 
inside a test was not 
wrapped in act(...).

When testing, code that 
causes React state 
updates should be wrapped 
into act(...):

act(() => {
  /* fire events that 
update state */
});
/* assert on the output */

This ensures that you're 
testing the behavior the 
user would see in the 
browser. Learn more at htt
ps://reactjs.org/link/wrap
-tests-with-act
    at AppRuntime (C:\User
s\himanshu\Desktop\GATE_QA
\src\App.jsx:460:57)
    at Router (C:\Users\hi
manshu\Desktop\GATE_QA\nod
e_modules\react-router\dis
t\umd\react-router.develop
ment.js:1207:17)
    at BrowserRouter (C:\U
sers\himanshu\Desktop\GATE
_QA\node_modules\react-rou
ter-dom\dist\umd\react-rou
ter-dom.development.js:695
:7)
    at App
Warning: An update to 
AppRuntime inside a test 
was not wrapped in 
act(...).

When testing, code that 
causes React state 
updates should be wrapped 
into act(...):

act(() => {
  /* fire events that 
update state */
});
/* assert on the output */

This ensures that you're 
testing the behavior the 
user would see in the 
browser. Learn more at htt
ps://reactjs.org/link/wrap
-tests-with-act
    at AppRuntime (C:\User
s\himanshu\Desktop\GATE_QA
\src\App.jsx:460:57)
    at Router (C:\Users\hi
manshu\Desktop\GATE_QA\nod
e_modules\react-router\dis
t\umd\react-router.develop
ment.js:1207:17)
    at BrowserRouter (C:\U
sers\himanshu\Desktop\GATE
_QA\node_modules\react-rou
ter-dom\dist\umd\react-rou
ter-dom.development.js:695
:7)
    at App

[90mstderr[2m | 
src/App.test.jsx[2m > 
[22m[2mApp routes[2m > 
[22m[2mredirects legacy 
search URLs to /practice
[22m[39mWarning: An 
update to AppRuntime 
inside a test was not 
wrapped in act(...).

When testing, code that 
causes React state 
updates should be wrapped 
into act(...):

act(() => {
  /* fire events that 
update state */
});
/* assert on the output */

This ensures that you're 
testing the behavior the 
user would see in the 
browser. Learn more at htt
ps://reactjs.org/link/wrap
-tests-with-act
    at AppRuntime (C:\User
s\himanshu\Desktop\GATE_QA
\src\App.jsx:460:57)
    at Router (C:\Users\hi
manshu\Desktop\GATE_QA\nod
e_modules\react-router\dis
t\umd\react-router.develop
ment.js:1207:17)
    at BrowserRouter (C:\U
sers\himanshu\Desktop\GATE
_QA\node_modules\react-rou
ter-dom\dist\umd\react-rou
ter-dom.development.js:695
:7)
    at App
Warning: An update to 
AppRuntime inside a test 
was not wrapped in 
act(...).

When testing, code that 
causes React state 
updates should be wrapped 
into act(...):

act(() => {
  /* fire events that 
update state */
});
/* assert on the output */

This ensures that you're 
testing the behavior the 
user would see in the 
browser. Learn more at htt
ps://reactjs.org/link/wrap
-tests-with-act
    at AppRuntime (C:\User
s\himanshu\Desktop\GATE_QA
\src\App.jsx:460:57)
    at Router (C:\Users\hi
manshu\Desktop\GATE_QA\nod
e_modules\react-router\dis
t\umd\react-router.develop
ment.js:1207:17)
    at BrowserRouter (C:\U
sers\himanshu\Desktop\GATE
_QA\node_modules\react-rou
ter-dom\dist\umd\react-rou
ter-dom.development.js:695
:7)
    at App

[90mstderr[2m | 
src/App.test.jsx[2m > 
[22m[2mApp routes[2m > 
[22m[2mredirects legacy 
question links to 
/practice/question/:uid
[22m[39mWarning: An 
update to AppRuntime 
inside a test was not 
wrapped in act(...).

When testing, code that 
causes React state 
updates should be wrapped 
into act(...):

act(() => {
  /* fire events that 
update state */
});
/* assert on the output */

This ensures that you're 
testing the behavior the 
user would see in the 
browser. Learn more at htt
ps://reactjs.org/link/wrap
-tests-with-act
    at AppRuntime (C:\User
s\himanshu\Desktop\GATE_QA
\src\App.jsx:460:57)
    at Router (C:\Users\hi
manshu\Desktop\GATE_QA\nod
e_modules\react-router\dis
t\umd\react-router.develop
ment.js:1207:17)
    at BrowserRouter (C:\U
sers\himanshu\Desktop\GATE
_QA\node_modules\react-rou
ter-dom\dist\umd\react-rou
ter-dom.development.js:695
:7)
    at App
Warning: An update to 
AppRuntime inside a test 
was not wrapped in 
act(...).

When testing, code that 
causes React state 
updates should be wrapped 
into act(...):

act(() => {
  /* fire events that 
update state */
});
/* assert on the output */

This ensures that you're 
testing the behavior the 
user would see in the 
browser. Learn more at htt
ps://reactjs.org/link/wrap
-tests-with-act
    at AppRuntime (C:\User
s\himanshu\Desktop\GATE_QA
\src\App.jsx:460:57)
    at Router (C:\Users\hi
manshu\Desktop\GATE_QA\nod
e_modules\react-router\dis
t\umd\react-router.develop
ment.js:1207:17)
    at BrowserRouter (C:\U
sers\himanshu\Desktop\GATE
_QA\node_modules\react-rou
ter-dom\dist\umd\react-rou
ter-dom.development.js:695
:7)
    at App

[90mstderr[2m | 
src/App.test.jsx[2m > 
[22m[2mApp routes[2m > 
[22m[2mresume button 
navigates to the stored 
last session route
[22m[39mWarning: An 
update to AppRuntime 
inside a test was not 
wrapped in act(...).

When testing, code that 
causes React state 
updates should be wrapped 
into act(...):

act(() => {
  /* fire events that 
update state */
});
/* assert on the output */

This ensures that you're 
testing the behavior the 
user would see in the 
browser. Learn more at htt
ps://reactjs.org/link/wrap
-tests-with-act
    at AppRuntime (C:\User
s\himanshu\Desktop\GATE_QA
\src\App.jsx:460:57)
    at Router (C:\Users\hi
manshu\Desktop\GATE_QA\nod
e_modules\react-router\dis
t\umd\react-router.develop
ment.js:1207:17)
    at BrowserRouter (C:\U
sers\himanshu\Desktop\GATE
_QA\node_modules\react-rou
ter-dom\dist\umd\react-rou
ter-dom.development.js:695
:7)
    at App
Warning: An update to 
AppRuntime inside a test 
was not wrapped in 
act(...).

When testing, code that 
causes React state 
updates should be wrapped 
into act(...):

act(() => {
  /* fire events that 
update state */
});
/* assert on the output */

This ensures that you're 
testing the behavior the 
user would see in the 
browser. Learn more at htt
ps://reactjs.org/link/wrap
-tests-with-act
    at AppRuntime (C:\User
s\himanshu\Desktop\GATE_QA
\src\App.jsx:460:57)
    at Router (C:\Users\hi
manshu\Desktop\GATE_QA\nod
e_modules\react-router\dis
t\umd\react-router.develop
ment.js:1207:17)
    at BrowserRouter (C:\U
sers\himanshu\Desktop\GATE
_QA\node_modules\react-rou
ter-dom\dist\umd\react-rou
ter-dom.development.js:695
:7)
    at App

[90mstderr[2m | 
src/App.test.jsx[2m > 
[22m[2mApp routes[2m > 
[22m[2mlegacy random 
mode clears filters and 
opens the first random 
question
[22m[39mWarning: An 
update to AppRuntime 
inside a test was not 
wrapped in act(...).

When testing, code that 
causes React state 
updates should be wrapped 
into act(...):

act(() => {
  /* fire events that 
update state */
});
/* assert on the output */

This ensures that you're 
testing the behavior the 
user would see in the 
browser. Learn more at htt
ps://reactjs.org/link/wrap
-tests-with-act
    at AppRuntime (C:\User
s\himanshu\Desktop\GATE_QA
\src\App.jsx:460:57)
    at Router (C:\Users\hi
manshu\Desktop\GATE_QA\nod
e_modules\react-router\dis
t\umd\react-router.develop
ment.js:1207:17)
    at BrowserRouter (C:\U
sers\himanshu\Desktop\GATE
_QA\node_modules\react-rou
ter-dom\dist\umd\react-rou
ter-dom.development.js:695
:7)
    at App
Warning: An update to 
AppRuntime inside a test 
was not wrapped in 
act(...).

When testing, code that 
causes React state 
updates should be wrapped 
into act(...):

act(() => {
  /* fire events that 
update state */
});
/* assert on the output */

This ensures that you're 
testing the behavior the 
user would see in the 
browser. Learn more at htt
ps://reactjs.org/link/wrap
-tests-with-act
    at AppRuntime (C:\User
s\himanshu\Desktop\GATE_QA
\src\App.jsx:460:57)
    at Router (C:\Users\hi
manshu\Desktop\GATE_QA\nod
e_modules\react-router\dis
t\umd\react-router.develop
ment.js:1207:17)
    at BrowserRouter (C:\U
sers\himanshu\Desktop\GATE
_QA\node_modules\react-rou
ter-dom\dist\umd\react-rou
ter-dom.development.js:695
:7)
    at App

[90mstderr[2m | 
src/App.test.jsx[2m > 
[22m[2mApp routes[2m > 
[22m[2mhome mock button 
opens the mock route when 
the feature flag is 
enabled
[22m[39mWarning: An 
update to AppRuntime 
inside a test was not 
wrapped in act(...).

When testing, code that 
causes React state 
updates should be wrapped 
into act(...):

act(() => {
  /* fire events that 
update state */
});
/* assert on the output */

This ensures that you're 
testing the behavior the 
user would see in the 
browser. Learn more at htt
ps://reactjs.org/link/wrap
-tests-with-act
    at AppRuntime (C:\User
s\himanshu\Desktop\GATE_QA
\src\App.jsx:460:57)
    at Router (C:\Users\hi
manshu\Desktop\GATE_QA\nod
e_modules\react-router\dis
t\umd\react-router.develop
ment.js:1207:17)
    at BrowserRouter (C:\U
sers\himanshu\Desktop\GATE
_QA\node_modules\react-rou
ter-dom\dist\umd\react-rou
ter-dom.development.js:695
:7)
    at App
Warning: An update to 
AppRuntime inside a test 
was not wrapped in 
act(...).

When testing, code that 
causes React state 
updates should be wrapped 
into act(...):

act(() => {
  /* fire events that 
update state */
});
/* assert on the output */

This ensures that you're 
testing the behavior the 
user would see in the 
browser. Learn more at htt
ps://reactjs.org/link/wrap
-tests-with-act
    at AppRuntime (C:\User
s\himanshu\Desktop\GATE_QA
\src\App.jsx:460:57)
    at Router (C:\Users\hi
manshu\Desktop\GATE_QA\nod
e_modules\react-router\dis
t\umd\react-router.develop
ment.js:1207:17)
    at BrowserRouter (C:\U
sers\himanshu\Desktop\GATE
_QA\node_modules\react-rou
ter-dom\dist\umd\react-rou
ter-dom.development.js:695
:7)
    at App

 [32mΓ£ô[39m src/contexts/FilterContext.test.jsx [2m([22m[2m5 tests[22m[2m)[22m[33m 1430[2mms[22m[39m
   [33m[2mΓ£ô[22m[39m FilterContext[2m > [22msyncs search on practice routes and clears it through chip actions [33m 1104[2mms[22m[39m
 [32mΓ£ô[39m src/App.test.jsx [2m([22m[2m8 tests[22m[2m)[22m[33m 1484[2mms[22m[39m
   [33m[2mΓ£ô[22m[39m App routes[2m > [22mresume button navigates to the stored last session route [33m 546[2mms[22m[39m
   [33m[2mΓ£ô[22m[39m App routes[2m > [22mhome mock button opens the mock route when the feature flag is enabled [33m 328[2mms[22m[39m
 [32mΓ£ô[39m src/pages/HomePage.test.jsx [2m([22m[2m2 tests[22m[2m)[22m[33m 1586[2mms[22m[39m
   [33m[2mΓ£ô[22m[39m HomePage[2m > [22mshows a compact svg loader while the question bank summary is loading [33m 801[2mms[22m[39m
   [33m[2mΓ£ô[22m[39m HomePage[2m > [22mshows mock entry buttons when mock mode is enabled [33m 781[2mms[22m[39m
[90mstderr[2m | src/page
s/MockHistoryPage.test.jsx
[2m > [22m[2mMockHistor
yPage[2m > 
[22m[2mrenders saved 
attempts with 
question-wise outcome 
details
[22m[39mΓÜá∩╕Å React 
Router Future Flag 
Warning: React Router 
will begin wrapping state 
updates in 
`React.startTransition` 
in v7. You can use the 
`v7_startTransition` 
future flag to opt-in 
early. For more 
information, see https://r
eactrouter.com/v6/upgradin
g/future#v7_starttransitio
n.
ΓÜá∩╕Å React Router 
Future Flag Warning: 
Relative route resolution 
within Splat routes is 
changing in v7. You can 
use the 
`v7_relativeSplatPath` 
future flag to opt-in 
early. For more 
information, see https://r
eactrouter.com/v6/upgradin
g/future#v7_relativesplatp
ath.

 [32mΓ£ô[39m src/pages/MockHistoryPage.test.jsx [2m([22m[2m2 tests[22m[2m)[22m[33m 1738[2mms[22m[39m
   [33m[2mΓ£ô[22m[39m MockHistoryPage[2m > [22mrenders saved attempts with question-wise outcome details [33m 1620[2mms[22m[39m
[90mstderr[2m | src/comp
onents/MockTest/MockTestSh
ell.test.jsx[2m > [22m[
2mMockTestShell[2m > 
[22m[2mshows loading 
state while the mock 
catalog is loading
[22m[39mΓÜá∩╕Å React 
Router Future Flag 
Warning: React Router 
will begin wrapping state 
updates in 
`React.startTransition` 
in v7. You can use the 
`v7_startTransition` 
future flag to opt-in 
early. For more 
information, see https://r
eactrouter.com/v6/upgradin
g/future#v7_starttransitio
n.
ΓÜá∩╕Å React Router 
Future Flag Warning: 
Relative route resolution 
within Splat routes is 
changing in v7. You can 
use the 
`v7_relativeSplatPath` 
future flag to opt-in 
early. For more 
information, see https://r
eactrouter.com/v6/upgradin
g/future#v7_relativesplatp
ath.

 [32mΓ£ô[39m src/components/Landing/ModeSelectionPage.test.jsx [2m([22m[2m3 tests[22m[2m)[22m[33m 2422[2mms[22m[39m
   [33m[2mΓ£ô[22m[39m ModeSelectionPage[2m > [22mroutes "Continue where you left off" through the dedicated resume action [33m 1444[2mms[22m[39m
   [33m[2mΓ£ô[22m[39m ModeSelectionPage[2m > [22mstarts the selected mode through onModeStart [33m 897[2mms[22m[39m
[90mstderr[2m | src/comp
onents/MockTest/MockTestFl
ow.test.jsx[2m > 
[22m[2mMockTest smoke 
flow[2m > 
[22m[2mstart, restore, 
submit, review, and exit 
a custom mock
[22m[39mΓÜá∩╕Å React 
Router Future Flag 
Warning: React Router 
will begin wrapping state 
updates in 
`React.startTransition` 
in v7. You can use the 
`v7_startTransition` 
future flag to opt-in 
early. For more 
information, see https://r
eactrouter.com/v6/upgradin
g/future#v7_starttransitio
n.
ΓÜá∩╕Å React Router 
Future Flag Warning: 
Relative route resolution 
within Splat routes is 
changing in v7. You can 
use the 
`v7_relativeSplatPath` 
future flag to opt-in 
early. For more 
information, see https://r
eactrouter.com/v6/upgradin
g/future#v7_relativesplatp
ath.

 [32mΓ£ô[39m src/components/MockTest/MockTestShell.test.jsx [2m([22m[2m7 tests[22m[2m)[22m[33m 1581[2mms[22m[39m
   [33m[2mΓ£ô[22m[39m MockTestShell[2m > [22mshows loading state while the mock catalog is loading [33m 587[2mms[22m[39m
   [33m[2mΓ£ô[22m[39m MockTestShell[2m > [22mheader back exits immediately from setup without teardown or route re-sync [33m 701[2mms[22m[39m
 [32mΓ£ô[39m src/components/MockTest/MockTestFlow.test.jsx [2m([22m[2m1 test[22m[2m)[22m[33m 3945[2mms[22m[39m
   [33m[2mΓ£ô[22m[39m MockTest smoke flow[2m > [22mstart, restore, submit, review, and exit a custom mock [33m 3942[2mms[22m[39m
 [32mΓ£ô[39m src/components/MockTest/QuestionPalette.test.jsx [2m([22m[2m9 tests[22m[2m)[22m[33m 999[2mms[22m[39m
   [33m[2mΓ£ô[22m[39m QuestionPalette status icon parity[2m > [22mkeeps collapse toggle accessible while hiding content when collapsed [33m 863[2mms[22m[39m
 [32mΓ£ô[39m src/components/Practice/QuestionPickerList.test.jsx [2m([22m[2m2 tests[22m[2m)[22m[33m 1074[2mms[22m[39m
   [33m[2mΓ£ô[22m[39m QuestionPickerList[2m > [22mrenders filtered questions as a direct picker list [33m 1051[2mms[22m[39m
 [32mΓ£ô[39m src/components/MockTest/MockTestActionBar.test.jsx [2m([22m[2m4 tests[22m[2m)[22m[33m 893[2mms[22m[39m
   [33m[2mΓ£ô[22m[39m MockTest footer submit ownership[2m > [22mdoes not render Submit inside QuestionPalette [33m 546[2mms[22m[39m
 [32mΓ£ô[39m src/contexts/MockTestContext.test.jsx [2m([22m[2m5 tests[22m[2m)[22m[32m 120[2mms[22m[39m
 [31mΓ¥»[39m src/components/MockTest/MockTestQuestion.test.jsx [2m([22m[2m5 tests[22m[2m | [22m[31m2 failed[39m[2m)[22m[33m 1077[2mms[22m[39m
   [32mΓ£ô[39m MockTestQuestion[2m > [22mrenders question metadata from currentQuestionMeta instead of raw question fields[32m 122[2mms[22m[39m
[31m   [31m├ù[31m MockTestQuestion[2m > [22mrenders NAT input and clears through saveResponse[39m[33m 885[2mms[22m[39m
[31m     ΓåÆ expected "spy" to be called with arguments: [ 'go:333', '' ][90m

Received: 

[1m  1st spy call:

[22m[2m  [[22m
[2m    "go:333",[22m
[32m-   "",[90m
[31m+   "42.5",[90m
[2m  ][22m
[31m[90m

Number of calls: [1m1[22m
[31m[39m
[31m   [31m├ù[31m MockTestQuestion[2m > [22mrenders MSQ with checkboxes and option text[39m[32m 23[2mms[22m[39m
[31m     ΓåÆ expected 'B' to contain 'B.'[39m
   [32mΓ£ô[39m MockTestQuestion[2m > [22mreview mode shows verdict, expected NAT answer, and score delta from currentQuestionResult[32m 19[2mms[22m[39m
   [32mΓ£ô[39m MockTestQuestion[2m > [22mreview mode highlights correct and incorrect MCQ options from result data[32m 23[2mms[22m[39m
 [32mΓ£ô[39m scripts/qa/repair-historical-exam-uids.test.js [2m([22m[2m6 tests[22m[2m)[22m[32m 48[2mms[22m[39m
[90mstderr[2m | src/cont
exts/SessionContext.test.j
sx[2m > [22m[2mSessionC
ontext[2m > 
[22m[2msupports ordered 
navigation for Explore -> 
Solve flows
[22m[39mΓÜá∩╕Å React 
Router Future Flag 
Warning: React Router 
will begin wrapping state 
updates in 
`React.startTransition` 
in v7. You can use the 
`v7_startTransition` 
future flag to opt-in 
early. For more 
information, see https://r
eactrouter.com/v6/upgradin
g/future#v7_starttransitio
n.
ΓÜá∩╕Å React Router 
Future Flag Warning: 
Relative route resolution 
within Splat routes is 
changing in v7. You can 
use the 
`v7_relativeSplatPath` 
future flag to opt-in 
early. For more 
information, see https://r
eactrouter.com/v6/upgradin
g/future#v7_relativesplatp
ath.

 [32mΓ£ô[39m src/contexts/SessionContext.test.jsx [2m([22m[2m2 tests[22m[2m)[22m[32m 96[2mms[22m[39m
 [32mΓ£ô[39m src/services/MockCatalogService.test.js [2m([22m[2m3 tests[22m[2m)[22m[32m 31[2mms[22m[39m
 [32mΓ£ô[39m src/services/QuestionService.test.js [2m([22m[2m22 tests[22m[2m)[22m[32m 79[2mms[22m[39m
 [32mΓ£ô[39m scripts/pipeline/shared.test.js [2m([22m[2m2 tests[22m[2m)[22m[32m 20[2mms[22m[39m
 [32mΓ£ô[39m src/services/AnswerService.test.js [2m([22m[2m12 tests[22m[2m)[22m[32m 15[2mms[22m[39m
 [32mΓ£ô[39m src/components/MockTest/MockSetupAndRouting.test.jsx [2m([22m[2m16 tests[22m[2m)[22m[32m 25[2mms[22m[39m
 [32mΓ£ô[39m src/utils/mockTest.test.js [2m([22m[2m5 tests[22m[2m)[22m[32m 15[2mms[22m[39m
 [32mΓ£ô[39m src/utils/localStorageState.test.js [2m([22m[2m3 tests[22m[2m)[22m[32m 13[2mms[22m[39m
 [32mΓ£ô[39m src/utils/stripEmbeddedOptions.test.js [2m([22m[2m1 test[22m[2m)[22m[32m 12[2mms[22m[39m
 [32mΓ£ô[39m src/utils/mockTestHistory.test.jsx [2m([22m[2m2 tests[22m[2m)[22m[32m 32[2mms[22m[39m
 [32mΓ£ô[39m src/components/Practice/QuestionResultCard.test.jsx [2m([22m[2m2 tests[22m[2m)[22m[32m 57[2mms[22m[39m

[31mΓÄ»ΓÄ»ΓÄ»ΓÄ»ΓÄ»ΓÄ»ΓÄ»
[39m[1m[41m Failed 
Tests 2 [49m[22m[31mΓÄ»
ΓÄ»ΓÄ»ΓÄ»ΓÄ»ΓÄ»ΓÄ»[39m

[41m[1m FAIL [22m[49m 
src/components/MockTest/Mo
ckTestQuestion.test.jsx[2
m > 
[22mMockTestQuestion[2m 
> [22mrenders NAT input 
and clears through 
saveResponse
[31m[1mAssertionError[2
2m: expected "spy" to be 
called with arguments: [ 
'go:333', '' ][90m

Received: 

[1m  1st spy call:

[22m[2m  [[22m
[2m    "go:333",[22m
[32m-   "",[90m
[31m+   "42.5",[90m
[2m  ][22m
[31m[90m

Number of calls: 
[1m1[22m
[31m[39m
[36m [2mΓ¥»[22m src/com
ponents/MockTest/MockTestQ
uestion.test.jsx:[2m106:4
3[22m[39m
    [90m104| [39m
    [90m105| [39m    fir
eEvent[33m.[39m[34mclic
k[39m(screen[33m.[39m[
34mgetByRole[39m([32m"bu
tton"[39m[33m,[39m { 
name[33m:[39m 
[32m"Backspace"[39m 
}))[33m;[39m
    [90m106| [39m    exp
ect(mockContextValue.saveR
esponse).toHaveBeenCalledW
ith("go:333ΓÇª
    [90m   | [39m       
                          
         [31m^[39m
    [90m107| [39m  
})[33m;[39m
    [90m108| [39m

[31m[2mΓÄ»ΓÄ»ΓÄ»ΓÄ»ΓÄ»ΓÄ
»ΓÄ»ΓÄ»ΓÄ»ΓÄ»ΓÄ»ΓÄ»ΓÄ»ΓÄ»Γ
Ä»ΓÄ»ΓÄ»ΓÄ»ΓÄ»ΓÄ»ΓÄ»ΓÄ»ΓÄ»
ΓÄ»[1/2]ΓÄ»[22m[39m

[41m[1m FAIL [22m[49m 
src/components/MockTest/Mo
ckTestQuestion.test.jsx[2
m > 
[22mMockTestQuestion[2m 
> [22mrenders MSQ with 
checkboxes and option text
[31m[1mAssertionError[2
2m: expected 'B' to 
contain 'B.'[39m

Expected: 
[32m"B[7m.[27m"[39m
Received: [31m"B"[39m

[36m [2mΓ¥»[22m src/com
ponents/MockTest/MockTestQ
uestion.test.jsx:[2m125:3
5[22m[39m
    [90m123| [39m
    [90m124| [39m    
[35mconst[39m selectorB 
[33m=[39m screen[33m.[
39m[34mgetByTestId[39m(
[32m"mock-option-selector-
B"[39m)[33m;[39m
    [90m125| [39m    [3
4mexpect[39m(selectorB[3
3m.[39mtextContent)[33m.
[39m[34mtoContain[39m(
[32m"B."[39m)[33m;[39m
    [90m   | [39m       
                          
 [31m^[39m
    [90m126| [39m    [3
4mexpect[39m(selectorB[3
3m.[39mtextContent)[33m.
[39m[34mtoContain[39m(
[32m"Option 
B"[39m)[33m;[39m
    [90m127| [39m    exp
ect(selectorB.querySelecto
r('input[type="checkbox"]'
)).toBeTrutΓÇª

[31m[2mΓÄ»ΓÄ»ΓÄ»ΓÄ»ΓÄ»ΓÄ
»ΓÄ»ΓÄ»ΓÄ»ΓÄ»ΓÄ»ΓÄ»ΓÄ»ΓÄ»Γ
Ä»ΓÄ»ΓÄ»ΓÄ»ΓÄ»ΓÄ»ΓÄ»ΓÄ»ΓÄ»
ΓÄ»[2/2]ΓÄ»[22m[39m


[2m Test Files [22m [1m[31m1 failed[39m[22m[2m | [22m[1m[32m23 passed[39m[22m[90m (24)[39m
[2m      Tests [22m [1m[31m2 failed[39m[22m[2m | [22m[1m[32m127 passed[39m[22m[90m (129)[39m
[2m   Start at [22m 16:35:00
[2m   Duration [22m 17.11s[2m (transform 6.04s, setup 0ms, collect 24.96s, tests 18.79s, environment 47.73s, prepare 8.00s)[22m

